// Jest Snapshot v1, https://goo.gl/fbAQLP

exports[`draft-request GET $metadata 1`] = `
"<?xml version=\\"1.0\\" encoding=\\"utf-8\\"?>
<edmx:Edmx Version=\\"1.0\\" xmlns:edmx=\\"http://schemas.microsoft.com/ado/2007/06/edmx\\" xmlns:m=\\"http://schemas.microsoft.com/ado/2007/08/dataservices/metadata\\" xmlns:sap=\\"http://www.sap.com/Protocols/SAPData\\">
  <edmx:Reference Uri=\\"https://wiki.scn.sap.com/wiki/download/attachments/448470974/Common.xml?api=v2\\" xmlns:edmx=\\"http://docs.oasis-open.org/odata/ns/edmx\\">
    <edmx:Include Alias=\\"Common\\" Namespace=\\"com.sap.vocabularies.Common.v1\\"/>
  </edmx:Reference>
  <edmx:Reference Uri=\\"https://oasis-tcs.github.io/odata-vocabularies/vocabularies/Org.OData.Core.V1.xml\\" xmlns:edmx=\\"http://docs.oasis-open.org/odata/ns/edmx\\">
    <edmx:Include Alias=\\"Core\\" Namespace=\\"Org.OData.Core.V1\\"/>
  </edmx:Reference>
  <edmx:Reference Uri=\\"https://wiki.scn.sap.com/wiki/download/attachments/448470968/UI.xml?api=v2\\" xmlns:edmx=\\"http://docs.oasis-open.org/odata/ns/edmx\\">
    <edmx:Include Alias=\\"UI\\" Namespace=\\"com.sap.vocabularies.UI.v1\\"/>
  </edmx:Reference>
  <edmx:DataServices m:DataServiceVersion=\\"2.0\\">
    <Schema Namespace=\\"test.DraftService\\" xmlns=\\"http://schemas.microsoft.com/ado/2008/09/edm\\">
      <EntityContainer Name=\\"EntityContainer\\" m:IsDefaultEntityContainer=\\"true\\">
        <EntitySet Name=\\"DraftAdministrativeData\\" EntityType=\\"test.DraftService.DraftAdministrativeData\\"/>
        <EntitySet Name=\\"Header\\" EntityType=\\"test.DraftService.Header\\"/>
        <FunctionImport Name=\\"Header_draftPrepare\\" EntitySet=\\"Header\\" ReturnType=\\"test.DraftService.Header\\" m:HttpMethod=\\"POST\\" sap:action-for=\\"test.DraftService.Header\\">
          <Parameter Name=\\"ID\\" Type=\\"Edm.Guid\\" Nullable=\\"false\\" Mode=\\"In\\"/>
          <Parameter Name=\\"IsActiveEntity\\" Type=\\"Edm.Boolean\\" Nullable=\\"false\\" Mode=\\"In\\"/>
          <Parameter Name=\\"SideEffectsQualifier\\" Type=\\"Edm.String\\" Mode=\\"In\\" Nullable=\\"true\\"/>
        </FunctionImport>
        <FunctionImport Name=\\"Header_draftActivate\\" EntitySet=\\"Header\\" ReturnType=\\"test.DraftService.Header\\" m:HttpMethod=\\"POST\\" sap:action-for=\\"test.DraftService.Header\\">
          <Parameter Name=\\"ID\\" Type=\\"Edm.Guid\\" Nullable=\\"false\\" Mode=\\"In\\"/>
          <Parameter Name=\\"IsActiveEntity\\" Type=\\"Edm.Boolean\\" Nullable=\\"false\\" Mode=\\"In\\"/>
        </FunctionImport>
        <FunctionImport Name=\\"Header_draftEdit\\" EntitySet=\\"Header\\" ReturnType=\\"test.DraftService.Header\\" m:HttpMethod=\\"POST\\" sap:action-for=\\"test.DraftService.Header\\">
          <Parameter Name=\\"ID\\" Type=\\"Edm.Guid\\" Nullable=\\"false\\" Mode=\\"In\\"/>
          <Parameter Name=\\"IsActiveEntity\\" Type=\\"Edm.Boolean\\" Nullable=\\"false\\" Mode=\\"In\\"/>
          <Parameter Name=\\"PreserveChanges\\" Type=\\"Edm.Boolean\\" Mode=\\"In\\" Nullable=\\"true\\"/>
        </FunctionImport>
        <EntitySet Name=\\"HeaderItem\\" EntityType=\\"test.DraftService.HeaderItem\\"/>
        <FunctionImport Name=\\"HeaderItem_draftPrepare\\" EntitySet=\\"HeaderItem\\" ReturnType=\\"test.DraftService.HeaderItem\\" m:HttpMethod=\\"POST\\" sap:action-for=\\"test.DraftService.HeaderItem\\">
          <Parameter Name=\\"ID\\" Type=\\"Edm.Guid\\" Nullable=\\"false\\" Mode=\\"In\\"/>
          <Parameter Name=\\"IsActiveEntity\\" Type=\\"Edm.Boolean\\" Nullable=\\"false\\" Mode=\\"In\\"/>
          <Parameter Name=\\"SideEffectsQualifier\\" Type=\\"Edm.String\\" Mode=\\"In\\" Nullable=\\"true\\"/>
        </FunctionImport>
        <AssociationSet Name=\\"Header_FirstItem\\" Association=\\"test.DraftService.Header_FirstItem\\">
          <End Role=\\"Header\\" EntitySet=\\"Header\\"/>
          <End Role=\\"HeaderItem\\" EntitySet=\\"HeaderItem\\"/>
        </AssociationSet>
        <AssociationSet Name=\\"Header_DraftAdministrativeData\\" Association=\\"test.DraftService.Header_DraftAdministrativeData\\">
          <End Role=\\"Header\\" EntitySet=\\"Header\\"/>
          <End Role=\\"DraftAdministrativeData\\" EntitySet=\\"DraftAdministrativeData\\"/>
        </AssociationSet>
        <AssociationSet Name=\\"Header_SiblingEntity\\" Association=\\"test.DraftService.Header_SiblingEntity\\">
          <End Role=\\"Header\\" EntitySet=\\"Header\\"/>
          <End Role=\\"Header1\\" EntitySet=\\"Header\\"/>
        </AssociationSet>
        <AssociationSet Name=\\"HeaderItem_header\\" Association=\\"test.DraftService.HeaderItem_header\\">
          <End Role=\\"HeaderItem\\" EntitySet=\\"HeaderItem\\"/>
          <End Role=\\"Header\\" EntitySet=\\"Header\\"/>
        </AssociationSet>
        <AssociationSet Name=\\"HeaderItem_DraftAdministrativeData\\" Association=\\"test.DraftService.HeaderItem_DraftAdministrativeData\\">
          <End Role=\\"HeaderItem\\" EntitySet=\\"HeaderItem\\"/>
          <End Role=\\"DraftAdministrativeData\\" EntitySet=\\"DraftAdministrativeData\\"/>
        </AssociationSet>
        <AssociationSet Name=\\"HeaderItem_SiblingEntity\\" Association=\\"test.DraftService.HeaderItem_SiblingEntity\\">
          <End Role=\\"HeaderItem\\" EntitySet=\\"HeaderItem\\"/>
          <End Role=\\"HeaderItem1\\" EntitySet=\\"HeaderItem\\"/>
        </AssociationSet>
      </EntityContainer>
      <EntityType Name=\\"DraftAdministrativeData\\">
        <Key>
          <PropertyRef Name=\\"DraftUUID\\"/>
        </Key>
        <Property Name=\\"DraftUUID\\" Type=\\"Edm.Guid\\" Nullable=\\"false\\"/>
        <Property Name=\\"CreationDateTime\\" Type=\\"Edm.DateTimeOffset\\" Precision=\\"7\\"/>
        <Property Name=\\"CreatedByUser\\" Type=\\"Edm.String\\" MaxLength=\\"256\\"/>
        <Property Name=\\"DraftIsCreatedByMe\\" Type=\\"Edm.Boolean\\"/>
        <Property Name=\\"LastChangeDateTime\\" Type=\\"Edm.DateTimeOffset\\" Precision=\\"7\\"/>
        <Property Name=\\"LastChangedByUser\\" Type=\\"Edm.String\\" MaxLength=\\"256\\"/>
        <Property Name=\\"InProcessByUser\\" Type=\\"Edm.String\\" MaxLength=\\"256\\"/>
        <Property Name=\\"DraftIsProcessedByMe\\" Type=\\"Edm.Boolean\\"/>
      </EntityType>
      <EntityType Name=\\"Header\\">
        <Key>
          <PropertyRef Name=\\"ID\\"/>
          <PropertyRef Name=\\"IsActiveEntity\\"/>
        </Key>
        <Property Name=\\"ID\\" Type=\\"Edm.Guid\\" Nullable=\\"false\\"/>
        <Property Name=\\"modifiedAt\\" Type=\\"Edm.DateTimeOffset\\"/>
        <Property Name=\\"createdAt\\" Type=\\"Edm.DateTimeOffset\\"/>
        <Property Name=\\"createdBy\\" Type=\\"Edm.String\\" MaxLength=\\"255\\"/>
        <Property Name=\\"modifiedBy\\" Type=\\"Edm.String\\" MaxLength=\\"255\\"/>
        <Property Name=\\"name\\" Type=\\"Edm.String\\"/>
        <Property Name=\\"description\\" Type=\\"Edm.String\\"/>
        <Property Name=\\"country\\" Type=\\"Edm.String\\"/>
        <Property Name=\\"currency\\" Type=\\"Edm.String\\"/>
        <Property Name=\\"stock\\" Type=\\"Edm.Int32\\"/>
        <Property Name=\\"price\\" Type=\\"Edm.Decimal\\" Scale=\\"2\\" Precision=\\"12\\"/>
        <NavigationProperty Name=\\"Items\\" Relationship=\\"test.DraftService.HeaderItem_header\\" FromRole=\\"Header\\" ToRole=\\"HeaderItem\\"/>
        <NavigationProperty Name=\\"FirstItem\\" Relationship=\\"test.DraftService.Header_FirstItem\\" FromRole=\\"Header\\" ToRole=\\"HeaderItem\\"/>
        <Property Name=\\"FirstItem_ID\\" Type=\\"Edm.Guid\\"/>
        <Property Name=\\"IsActiveEntity\\" Type=\\"Edm.Boolean\\" Nullable=\\"false\\"/>
        <Property Name=\\"HasActiveEntity\\" Type=\\"Edm.Boolean\\"/>
        <Property Name=\\"HasDraftEntity\\" Type=\\"Edm.Boolean\\"/>
        <NavigationProperty Name=\\"DraftAdministrativeData\\" Relationship=\\"test.DraftService.Header_DraftAdministrativeData\\" FromRole=\\"Header\\" ToRole=\\"DraftAdministrativeData\\"/>
        <Property Name=\\"DraftAdministrativeData_DraftUUID\\" Type=\\"Edm.Guid\\"/>
        <NavigationProperty Name=\\"SiblingEntity\\" Relationship=\\"test.DraftService.Header_SiblingEntity\\" FromRole=\\"Header\\" ToRole=\\"Header1\\"/>
      </EntityType>
      <EntityType Name=\\"HeaderItem\\">
        <Key>
          <PropertyRef Name=\\"ID\\"/>
          <PropertyRef Name=\\"IsActiveEntity\\"/>
        </Key>
        <Property Name=\\"ID\\" Type=\\"Edm.Guid\\" Nullable=\\"false\\"/>
        <Property Name=\\"name\\" Type=\\"Edm.String\\"/>
        <Property Name=\\"description\\" Type=\\"Edm.String\\"/>
        <Property Name=\\"startAt\\" Type=\\"Edm.DateTimeOffset\\" Precision=\\"7\\"/>
        <Property Name=\\"endAt\\" Type=\\"Edm.DateTimeOffset\\" Precision=\\"7\\"/>
        <NavigationProperty Name=\\"header\\" Relationship=\\"test.DraftService.HeaderItem_header\\" FromRole=\\"HeaderItem\\" ToRole=\\"Header\\"/>
        <Property Name=\\"header_ID\\" Type=\\"Edm.Guid\\"/>
        <Property Name=\\"IsActiveEntity\\" Type=\\"Edm.Boolean\\" Nullable=\\"false\\"/>
        <Property Name=\\"HasActiveEntity\\" Type=\\"Edm.Boolean\\"/>
        <Property Name=\\"HasDraftEntity\\" Type=\\"Edm.Boolean\\"/>
        <NavigationProperty Name=\\"DraftAdministrativeData\\" Relationship=\\"test.DraftService.HeaderItem_DraftAdministrativeData\\" FromRole=\\"HeaderItem\\" ToRole=\\"DraftAdministrativeData\\"/>
        <Property Name=\\"DraftAdministrativeData_DraftUUID\\" Type=\\"Edm.Guid\\"/>
        <NavigationProperty Name=\\"SiblingEntity\\" Relationship=\\"test.DraftService.HeaderItem_SiblingEntity\\" FromRole=\\"HeaderItem\\" ToRole=\\"HeaderItem1\\"/>
      </EntityType>
      <ComplexType Name=\\"Result\\">
        <Property Name=\\"name\\" Type=\\"Edm.String\\"/>
        <Property Name=\\"code\\" Type=\\"Edm.String\\"/>
        <Property Name=\\"age\\" Type=\\"Edm.Int32\\"/>
      </ComplexType>
      <Association Name=\\"Header_FirstItem\\">
        <End Role=\\"Header\\" Type=\\"test.DraftService.Header\\" Multiplicity=\\"*\\"/>
        <End Role=\\"HeaderItem\\" Type=\\"test.DraftService.HeaderItem\\" Multiplicity=\\"0..1\\"/>
        <ReferentialConstraint>
          <Principal Role=\\"HeaderItem\\">
            <PropertyRef Name=\\"ID\\"/>
          </Principal>
          <Dependent Role=\\"Header\\">
            <PropertyRef Name=\\"FirstItem_ID\\"/>
          </Dependent>
        </ReferentialConstraint>
      </Association>
      <Association Name=\\"Header_DraftAdministrativeData\\">
        <End Role=\\"Header\\" Type=\\"test.DraftService.Header\\" Multiplicity=\\"*\\"/>
        <End Role=\\"DraftAdministrativeData\\" Type=\\"test.DraftService.DraftAdministrativeData\\" Multiplicity=\\"0..1\\"/>
        <ReferentialConstraint>
          <Principal Role=\\"DraftAdministrativeData\\">
            <PropertyRef Name=\\"DraftUUID\\"/>
          </Principal>
          <Dependent Role=\\"Header\\">
            <PropertyRef Name=\\"DraftAdministrativeData_DraftUUID\\"/>
          </Dependent>
        </ReferentialConstraint>
      </Association>
      <Association Name=\\"Header_SiblingEntity\\">
        <End Role=\\"Header\\" Type=\\"test.DraftService.Header\\" Multiplicity=\\"*\\"/>
        <End Role=\\"Header1\\" Type=\\"test.DraftService.Header\\" Multiplicity=\\"0..1\\"/>
      </Association>
      <Association Name=\\"HeaderItem_header\\">
        <End Role=\\"HeaderItem\\" Type=\\"test.DraftService.HeaderItem\\" Multiplicity=\\"*\\">
          <OnDelete Action=\\"Cascade\\"/>
        </End>
        <End Role=\\"Header\\" Type=\\"test.DraftService.Header\\" Multiplicity=\\"0..1\\"/>
        <ReferentialConstraint>
          <Principal Role=\\"Header\\">
            <PropertyRef Name=\\"ID\\"/>
          </Principal>
          <Dependent Role=\\"HeaderItem\\">
            <PropertyRef Name=\\"header_ID\\"/>
          </Dependent>
        </ReferentialConstraint>
      </Association>
      <Association Name=\\"HeaderItem_DraftAdministrativeData\\">
        <End Role=\\"HeaderItem\\" Type=\\"test.DraftService.HeaderItem\\" Multiplicity=\\"*\\"/>
        <End Role=\\"DraftAdministrativeData\\" Type=\\"test.DraftService.DraftAdministrativeData\\" Multiplicity=\\"0..1\\"/>
        <ReferentialConstraint>
          <Principal Role=\\"DraftAdministrativeData\\">
            <PropertyRef Name=\\"DraftUUID\\"/>
          </Principal>
          <Dependent Role=\\"HeaderItem\\">
            <PropertyRef Name=\\"DraftAdministrativeData_DraftUUID\\"/>
          </Dependent>
        </ReferentialConstraint>
      </Association>
      <Association Name=\\"HeaderItem_SiblingEntity\\">
        <End Role=\\"HeaderItem\\" Type=\\"test.DraftService.HeaderItem\\" Multiplicity=\\"*\\"/>
        <End Role=\\"HeaderItem1\\" Type=\\"test.DraftService.HeaderItem\\" Multiplicity=\\"0..1\\"/>
      </Association>
      <Annotations Target=\\"test.DraftService.EntityContainer/Header\\" xmlns=\\"http://docs.oasis-open.org/odata/ns/edm\\">
        <Annotation Term=\\"Common.DraftRoot\\">
          <Record Type=\\"Common.DraftRootType\\">
            <PropertyValue Property=\\"ActivationAction\\" String=\\"test.DraftService.EntityContainer/Header_draftActivate\\"/>
            <PropertyValue Property=\\"EditAction\\" String=\\"test.DraftService.EntityContainer/Header_draftEdit\\"/>
            <PropertyValue Property=\\"PreparationAction\\" String=\\"test.DraftService.EntityContainer/Header_draftPrepare\\"/>
          </Record>
        </Annotation>
      </Annotations>
      <Annotations Target=\\"test.DraftService.Header/modifiedAt\\" xmlns=\\"http://docs.oasis-open.org/odata/ns/edm\\">
        <Annotation Term=\\"Common.Label\\" String=\\"Changed At\\"/>
        <Annotation Term=\\"Core.Computed\\" Bool=\\"true\\"/>
        <Annotation Term=\\"Core.Immutable\\" Bool=\\"true\\"/>
        <Annotation Term=\\"UI.HiddenFilter\\" Bool=\\"true\\"/>
      </Annotations>
      <Annotations Target=\\"test.DraftService.Header/createdAt\\" xmlns=\\"http://docs.oasis-open.org/odata/ns/edm\\">
        <Annotation Term=\\"Common.Label\\" String=\\"Created At\\"/>
        <Annotation Term=\\"Core.Computed\\" Bool=\\"true\\"/>
        <Annotation Term=\\"Core.Immutable\\" Bool=\\"true\\"/>
        <Annotation Term=\\"UI.HiddenFilter\\" Bool=\\"true\\"/>
      </Annotations>
      <Annotations Target=\\"test.DraftService.Header/createdBy\\" xmlns=\\"http://docs.oasis-open.org/odata/ns/edm\\">
        <Annotation Term=\\"Common.Label\\" String=\\"Created By\\"/>
        <Annotation Term=\\"Core.Computed\\" Bool=\\"true\\"/>
        <Annotation Term=\\"Core.Immutable\\" Bool=\\"true\\"/>
        <Annotation Term=\\"UI.HiddenFilter\\" Bool=\\"true\\"/>
      </Annotations>
      <Annotations Target=\\"test.DraftService.Header/modifiedBy\\" xmlns=\\"http://docs.oasis-open.org/odata/ns/edm\\">
        <Annotation Term=\\"Common.Label\\" String=\\"Changed By\\"/>
        <Annotation Term=\\"Core.Computed\\" Bool=\\"true\\"/>
        <Annotation Term=\\"Core.Immutable\\" Bool=\\"true\\"/>
        <Annotation Term=\\"UI.HiddenFilter\\" Bool=\\"true\\"/>
      </Annotations>
      <Annotations Target=\\"test.DraftService.EntityContainer/HeaderItem\\" xmlns=\\"http://docs.oasis-open.org/odata/ns/edm\\">
        <Annotation Term=\\"Common.DraftNode\\">
          <Record Type=\\"Common.DraftNodeType\\">
            <PropertyValue Property=\\"PreparationAction\\" String=\\"test.DraftService.EntityContainer/HeaderItem_draftPrepare\\"/>
          </Record>
        </Annotation>
      </Annotations>
    </Schema>
  </edmx:DataServices>
</edmx:Edmx>"
`;
